
> build
> react-router build

[36mvite v6.4.1 [32mbuilding for production...[36m[39m
transforming...
[32mÔ£ô[39m 2136 modules transformed.
rendering chunks...
computing gzip size...
[2mbuild/client/[22m[32m.vite/manifest.json                [39m[1m[2m  3.42 kB[22m[1m[22m[2m Ôöé gzip:  0.61 kB[22m
[2mbuild/client/[22m[35massets/root-CRx7r-iL.css           [39m[1m[2m 37.45 kB[22m[1m[22m[2m Ôöé gzip:  6.97 kB[22m
[2mbuild/client/[22m[36massets/index-BBR7LY95.js           [39m[1m[2m  0.20 kB[22m[1m[22m[2m Ôöé gzip:  0.16 kB[22m
[2mbuild/client/[22m[36massets/analytics-D6jhdIQY.js       [39m[1m[2m  0.47 kB[22m[1m[22m[2m Ôöé gzip:  0.29 kB[22m
[2mbuild/client/[22m[36massets/page-CJYAreS1.js            [39m[1m[2m  3.10 kB[22m[1m[22m[2m Ôöé gzip:  1.51 kB[22m
[2mbuild/client/[22m[36massets/not-found-CTm4blAr.js       [39m[1m[2m  4.90 kB[22m[1m[22m[2m Ôöé gzip:  1.84 kB[22m
[2mbuild/client/[22m[36massets/entry.client-ChnoaYKm.js    [39m[1m[2m  7.33 kB[22m[1m[22m[2m Ôöé gzip:  2.70 kB[22m
[2mbuild/client/[22m[36massets/QuickForm-BASeCzcg.js       [39m[1m[2m  7.37 kB[22m[1m[22m[2m Ôöé gzip:  2.48 kB[22m
[2mbuild/client/[22m[36massets/page-DCQHIY9Z.js            [39m[1m[2m 13.02 kB[22m[1m[22m[2m Ôöé gzip:  3.88 kB[22m
[2mbuild/client/[22m[36massets/WhatsAppButton-KDuSvqNs.js  [39m[1m[2m 28.02 kB[22m[1m[22m[2m Ôöé gzip:  6.77 kB[22m
[2mbuild/client/[22m[36massets/page-CiIGRy4L.js            [39m[1m[2m 34.52 kB[22m[1m[22m[2m Ôöé gzip:  9.35 kB[22m
[2mbuild/client/[22m[36massets/root-CBkeNOuo.js            [39m[1m[2m116.52 kB[22m[1m[22m[2m Ôöé gzip: 34.60 kB[22m
[2mbuild/client/[22m[36massets/chunk-LFPYN7LY-CrJJCYDh.js  [39m[1m[2m125.54 kB[22m[1m[22m[2m Ôöé gzip: 42.04 kB[22m
[2mbuild/client/[22m[36massets/index-CpuTRb_f.js           [39m[1m[2m135.05 kB[22m[1m[22m[2m Ôöé gzip: 43.32 kB[22m
[2mbuild/client/[22m[36massets/FAQ-DSHN2QTV.js             [39m[1m[2m215.75 kB[22m[1m[22m[2m Ôöé gzip: 52.89 kB[22m
[32mÔ£ô built in 9.73s[39m
[36mvite v6.4.1 [32mbuilding SSR bundle for production...[36m[39m
transforming...
node.exe : 
[33m"getContext" is 
imported from external 
module 
"hono/context-storage" but 
never used in 
"__create/index.ts".[39m
En C:\Program 
Files\nodejs\npm.ps1: 29 
Carácter: 3
+   & $NODE_EXE 
$NPM_CLI_JS $args
+   ~~~~~~~~~~~~~~~~~~~~~~~
~~~~~~
    + CategoryInfo         
     : NotSpecified: ([3  
  3m"getContex...index.t   
 s".[39m:String) [], R    
emoteException
    + FullyQualifiedErrorI 
   d : NativeCommandError
 
[33m"useScroll" and 
"useTransform" are 
imported from external 
module "motion/react" but 
never used in "src/componen
ts/VideoSection.jsx".[39m
[33m"ChevronLeft", 
"ChevronRight" and 
"Landmark" are imported 
from external module 
"lucide-react" but never 
used in "src/components/Rea
lResults.jsx" and "src/comp
onents/CommercialBlocks.jsx
".[39m
[32mÔ£ô[39m 46 modules transformed.
rendering chunks...
[2mbuild/server/[22m[32m.vite/manifest.json               [39m[1m[2m  0.47 kB[22m[1m[22m
[2mbuild/server/[22m[35massets/server-build-CRx7r-iL.css  [39m[1m[2m 37.45 kB[22m[1m[22m
[2mbuild/server/[22m[36mindex.js                          [39m[1m[2m  0.75 kB[22m[1m[22m
[2mbuild/server/[22m[36massets/index-BRVguj2J.js          [39m[1m[2m 30.32 kB[22m[1m[22m
[2mbuild/server/[22m[36massets/server-build.js            [39m[1m[2m121.05 kB[22m[1m[22m

[32mÔ£ô[39m 1 asset cleaned from React Router server build.
[2mbuild\server\assets\server-build-CRx7r-iL.css[22m

[vite] Detected change in .env. Exiting for restart...
